{
  "Placements": {
    "Test placement": {
      "$type": "ItemChanger.Placements.AutoPlacement, ItemChanger.Core",
      "Tags": [],
      "Location": {
        "$type": "ItemChanger.Locations.EmptyLocation, ItemChanger.Core",
        "Tags": [],
        "Name": "Test location",
        "SceneName": null,
        "FlingType": "Everywhere"
      },
      "Cost": null,
      "SupportsCost": false,
      "Name": "Test placement",
      "Items": [
        {
          "$type": "ItemChanger.Items.NullItem, ItemChanger.Core",
          "Tags": [
            {
              "$type": "ItemChanger.Tags.InteropTag, ItemChanger.Core",
              "Properties": {},
              "Message": "test"
            },
            {
              "Cost": {
                "$type": "ItemChanger.Tests.Fixtures.DollarCost, ItemChanger.Tests",
                "Source": {
                  "$type": "ItemChanger.Serialization.BoxedInteger, ItemChanger.Core",
                  "Value": 50
                },
                "Amount": 1,
                "Paid": false,
                "Recurring": false,
                "DiscountRate": 1.0
              }
            }
          ],
          "ObtainState": "Unobtained",
          "Name": "A",
          "UIDef": null
        }
      ],
      "Visited": "None"
    }
  },
  "Modules": [
    {
      "Message": "foo",
      "Properties": {},
      "Name": "InteropModule"
    }
  ]
}
